<html>
<body>
<pre>
<h1>µVision Build Log</h1>
<h2>Tool Versions:</h2>
IDE-Version: µVision V5.22.0.0
Copyright (C) 2016 ARM Ltd and ARM Germany GmbH. All rights reserved.
License Information: Al Preb, student, LIC=----
 
Tool Versions:
Toolchain:       MDK-Lite  Version: 5.22
Toolchain Path:  C:\Keil_v5\ARM\ARMCC\Bin
C Compiler:      Armcc.exe V5.06 update 4 (build 422)
Assembler:       Armasm.exe V5.06 update 4 (build 422)
Linker/Locator:  ArmLink.exe V5.06 update 4 (build 422)
Library Manager: ArmAr.exe V5.06 update 4 (build 422)
Hex Converter:   FromElf.exe V5.06 update 4 (build 422)
CPU DLL:         SARMCM3.DLL V5.22
Dialog DLL:      DCM.DLL V1.13.9.0
Target DLL:      STLink\ST-LINKIII-KEIL_SWO.dll V2.0.18.0
Dialog DLL:      TCM.DLL V1.21.0.0
 
<h2>Project:</h2>
C:\Users\Alex\Documents\GitHub\VMCB\Software\Solarregler STM32F105RBT6\Solarregler STM32F105RBT5\MDK-ARM\Solarregler STM32F105RBT5.uvprojx
Project File Date:  12/24/2018

<h2>Output:</h2>
*** Using Compiler 'V5.06 update 4 (build 422)', folder: 'C:\Keil_v5\ARM\ARMCC\Bin'
Rebuild target 'Solarregler STM32F105RBT5'
assembling startup_stm32f105xc.s...
compiling MAX31865.c...
../Inc/MAX31865.h(59): warning:  #1-D: last line of file ends without a newline
  #endif
..\Src\MAX31865.c: 1 warning, 0 errors
compiling stm32f1xx_it.c...
../Inc/MAX31865.h(59): warning:  #1-D: last line of file ends without a newline
  #endif
../Src/stm32f1xx_it.c(297): warning:  #188-D: enumerated type mixed with another type
  			HAL_GPIO_WritePin(
../Src/stm32f1xx_it.c(300): warning:  #188-D: enumerated type mixed with another type
  			HAL_GPIO_WritePin(
../Src/stm32f1xx_it.c(306): warning:  #188-D: enumerated type mixed with another type
  			HAL_GPIO_WritePin(
../Src/stm32f1xx_it.c(309): warning:  #188-D: enumerated type mixed with another type
  			HAL_GPIO_WritePin(
../Src/stm32f1xx_it.c(318): warning:  #188-D: enumerated type mixed with another type
  			HAL_GPIO_WritePin(
../Src/stm32f1xx_it.c(321): warning:  #188-D: enumerated type mixed with another type
  			HAL_GPIO_WritePin(
../Src/stm32f1xx_it.c(327): warning:  #188-D: enumerated type mixed with another type
  			HAL_GPIO_WritePin(
../Src/stm32f1xx_it.c(330): warning:  #188-D: enumerated type mixed with another type
  			HAL_GPIO_WritePin(
../Src/stm32f1xx_it.c(338): warning:  #188-D: enumerated type mixed with another type
  			HAL_GPIO_WritePin(
../Src/stm32f1xx_it.c(341): warning:  #188-D: enumerated type mixed with another type
  			HAL_GPIO_WritePin(
../Src/stm32f1xx_it.c(347): warning:  #188-D: enumerated type mixed with another type
  			HAL_GPIO_WritePin(
../Src/stm32f1xx_it.c(350): warning:  #188-D: enumerated type mixed with another type
  			HAL_GPIO_WritePin(
../Src/stm32f1xx_it.c(358): warning:  #188-D: enumerated type mixed with another type
  	HAL_GPIO_WritePin(
../Src/stm32f1xx_it.c: 14 warnings, 0 errors
compiling main.c...
../Inc/MAX31865.h(59): warning:  #1-D: last line of file ends without a newline
  #endif
../Src/main.c: 1 warning, 0 errors
compiling stm32f1xx_hal_msp.c...
compiling stm32f1xx_hal_gpio_ex.c...
compiling stm32f1xx_hal_can.c...
compiling stm32f1xx_hal_rtc.c...
compiling stm32f1xx_hal_i2c.c...
compiling stm32f1xx_hal_rtc_ex.c...
compiling stm32f1xx_hal_spi.c...
compiling stm32f1xx_hal_spi_ex.c...
compiling stm32f1xx_hal_tim.c...
compiling stm32f1xx_hal_tim_ex.c...
compiling stm32f1xx_hal_uart.c...
compiling stm32f1xx_hal.c...
compiling stm32f1xx_hal_rcc.c...
compiling stm32f1xx_hal_rcc_ex.c...
compiling stm32f1xx_hal_gpio.c...
compiling stm32f1xx_hal_cortex.c...
compiling stm32f1xx_hal_dma.c...
compiling stm32f1xx_hal_pwr.c...
compiling stm32f1xx_hal_flash.c...
compiling stm32f1xx_hal_flash_ex.c...
compiling system_stm32f1xx.c...
linking...
Program Size: Code=14986 RO-data=394 RW-data=68 ZI-data=1556  
FromELF: creating hex file...
"Solarregler STM32F105RBT5\Solarregler STM32F105RBT5.axf" - 0 Error(s), 16 Warning(s).

<h2>Software Packages used:</h2>

Package Vendor: ARM
                http://www.keil.com/pack/ARM.CMSIS.5.0.0.pack
                ARM::CMSIS:CORE:5.0.0
                CMSIS (Cortex Microcontroller Software Interface Standard)
   * Component: CORE Version: 5.0.0

<h2>Collection of Component include folders:</h2>
  C:\Users\Alex\Documents\GitHub\VMCB\Software\Solarregler STM32F105RBT6\Solarregler STM32F105RBT5\MDK-ARM\RTE\_Solarregler_STM32F105RBT5
  C:\Keil_v5\ARM\PACK\ARM\CMSIS\5.0.0\CMSIS\Include
  C:\Keil_v5\ARM\PACK\Keil\STM32F1xx_DFP\2.1.0\Device\Include

<h2>Collection of Component Files used:</h2>

   * Component: ARM::CMSIS:CORE:5.0.0
Build Time Elapsed:  00:00:47
</pre>
</body>
</html>
