<html>
<body>
<pre>
<h1>µVision Build Log</h1>
<h2>Tool Versions:</h2>
IDE-Version: µVision V5.22.0.0
Copyright (C) 2016 ARM Ltd and ARM Germany GmbH. All rights reserved.
License Information: alex Microsoft, Microsoft, LIC=----
 
Tool Versions:
Toolchain:       MDK-Lite  Version: 5.22
Toolchain Path:  C:\Keil_v5\ARM\ARMCC\Bin
C Compiler:      Armcc.exe V5.06 update 4 (build 422)
Assembler:       Armasm.exe V5.06 update 4 (build 422)
Linker/Locator:  ArmLink.exe V5.06 update 4 (build 422)
Library Manager: ArmAr.exe V5.06 update 4 (build 422)
Hex Converter:   FromElf.exe V5.06 update 4 (build 422)
CPU DLL:         SARMCM3.DLL V5.22
Dialog DLL:      DCM.DLL V1.13.9.0
Target DLL:      STLink\ST-LINKIII-KEIL_SWO.dll V2.0.18.0
Dialog DLL:      TCM.DLL V1.21.0.0
 
<h2>Project:</h2>
C:\Users\user\Documents\GitHub\VMCB\Software\Solarregler\MDK-ARM\Solarregler.uvprojx
Project File Date:  12/26/2018

<h2>Output:</h2>
*** Using Compiler 'V5.06 update 4 (build 422)', folder: 'C:\Keil_v5\ARM\ARMCC\Bin'
Rebuild target 'Solarregler'
assembling startup_stm32f103xb.s...
compiling MAX31865.c...
../Inc/MAX31865.h(62): warning:  #1-D: last line of file ends without a newline
  #endif
..\Src\MAX31865.c: 1 warning, 0 errors
compiling main.c...
../Inc/MAX31865.h(62): warning:  #1-D: last line of file ends without a newline
  #endif
../Src/main.c: 1 warning, 0 errors
compiling stm32f1xx_it.c...
../Inc/MAX31865.h(62): warning:  #1-D: last line of file ends without a newline
  #endif
../Src/stm32f1xx_it.c(345): warning:  #188-D: enumerated type mixed with another type
                        HAL_GPIO_WritePin(
../Src/stm32f1xx_it.c(348): warning:  #188-D: enumerated type mixed with another type
                        HAL_GPIO_WritePin(
../Src/stm32f1xx_it.c(354): warning:  #188-D: enumerated type mixed with another type
                        HAL_GPIO_WritePin(
../Src/stm32f1xx_it.c(357): warning:  #188-D: enumerated type mixed with another type
                        HAL_GPIO_WritePin(
../Src/stm32f1xx_it.c(366): warning:  #188-D: enumerated type mixed with another type
                        HAL_GPIO_WritePin(
../Src/stm32f1xx_it.c(369): warning:  #188-D: enumerated type mixed with another type
                        HAL_GPIO_WritePin(
../Src/stm32f1xx_it.c(375): warning:  #188-D: enumerated type mixed with another type
                        HAL_GPIO_WritePin(
../Src/stm32f1xx_it.c(378): warning:  #188-D: enumerated type mixed with another type
                        HAL_GPIO_WritePin(
../Src/stm32f1xx_it.c(386): warning:  #188-D: enumerated type mixed with another type
                        HAL_GPIO_WritePin(
../Src/stm32f1xx_it.c(389): warning:  #188-D: enumerated type mixed with another type
                        HAL_GPIO_WritePin(
../Src/stm32f1xx_it.c(395): warning:  #188-D: enumerated type mixed with another type
                        HAL_GPIO_WritePin(
../Src/stm32f1xx_it.c(398): warning:  #188-D: enumerated type mixed with another type
                        HAL_GPIO_WritePin(
../Src/stm32f1xx_it.c(406): warning:  #188-D: enumerated type mixed with another type
        HAL_GPIO_WritePin(
../Src/stm32f1xx_it.c: 14 warnings, 0 errors
compiling stm32f1xx_hal_msp.c...
compiling stm32f1xx_hal_gpio_ex.c...
compiling stm32f1xx_hal_can.c...
compiling stm32f1xx_hal_i2c.c...
compiling stm32f1xx_hal_rtc.c...
compiling stm32f1xx_hal_rtc_ex.c...
compiling stm32f1xx_hal_spi.c...
compiling stm32f1xx_hal_spi_ex.c...
compiling stm32f1xx_hal_tim.c...
compiling stm32f1xx_hal_tim_ex.c...
compiling stm32f1xx_hal_uart.c...
compiling stm32f1xx_hal.c...
compiling stm32f1xx_hal_rcc.c...
compiling stm32f1xx_hal_rcc_ex.c...
compiling stm32f1xx_hal_gpio.c...
compiling stm32f1xx_hal_dma.c...
compiling stm32f1xx_hal_cortex.c...
compiling stm32f1xx_hal_pwr.c...
compiling stm32f1xx_hal_flash.c...
compiling stm32f1xx_hal_flash_ex.c...
compiling system_stm32f1xx.c...
linking...
Program Size: Code=15458 RO-data=294 RW-data=76 ZI-data=1556  
FromELF: creating hex file...
"Solarregler\Solarregler.axf" - 0 Error(s), 16 Warning(s).

<h2>Software Packages used:</h2>

Package Vendor: ARM
                http://www.keil.com/pack/ARM.CMSIS.5.0.0.pack
                ARM::CMSIS:CORE:5.0.0
                CMSIS (Cortex Microcontroller Software Interface Standard)
   * Component: CORE Version: 5.0.0

<h2>Collection of Component include folders:</h2>
  C:\Users\user\Documents\GitHub\VMCB\Software\Solarregler\MDK-ARM\RTE\_Solarregler
  C:\Keil_v5\ARM\PACK\ARM\CMSIS\5.0.0\CMSIS\Include
  C:\Keil_v5\ARM\PACK\Keil\STM32F1xx_DFP\2.2.0\Device\Include

<h2>Collection of Component Files used:</h2>

   * Component: ARM::CMSIS:CORE:5.0.0
Build Time Elapsed:  00:00:59
</pre>
</body>
</html>
